src/app/components/cook/RiceCooking.tsx(282,38): error TS2304: Cannot find name 'Sparkles'.
src/app/components/market/MiseEnPlace.tsx(211,34): error TS2304: Cannot find name 'Sparkles'.
src/app/components/serve/GrandReveal.tsx(12,13): error TS2339: Property 'playSuccess' does not exist on type 'GameContextType'.
src/app/components/serve/GrandReveal.tsx(12,26): error TS2339: Property 'playSweep' does not exist on type 'GameContextType'.
